// Jest Snapshot v1, https://goo.gl/fbAQLP

exports[`Match snapshot 1`] = `
{
  "Parameters": {
    "BootstrapVersion": {
      "Default": "/cdk-bootstrap/hnb659fds/version",
      "Description": "Version of the CDK Bootstrap resources in this environment, automatically retrieved from SSM Parameter Store. [cdk:skip]",
      "Type": "AWS::SSM::Parameter::Value<String>",
    },
  },
  "Resources": {
    "BedrockAgentStackAgentIamRoleF90DDD6B": {
      "Properties": {
        "AssumeRolePolicyDocument": {
          "Statement": [
            {
              "Action": "sts:AssumeRole",
              "Effect": "Allow",
              "Principal": {
                "Service": "bedrock.amazonaws.com",
              },
            },
          ],
          "Version": "2012-10-17",
        },
        "Description": "Agent role created by CDK.",
        "RoleName": "AmazonBedrockExecutionRoleForAgents_MyAgentTestName",
      },
      "Type": "AWS::IAM::Role",
    },
    "BedrockAgentStackBedrockAgentCustomResourceA2D15E40": {
      "DeletionPolicy": "Delete",
      "Properties": {
        "ServiceToken": {
          "Fn::GetAtt": [
            "BedrockAgentStackBedrockAgentCustomResourceProviderframeworkonEventFBAAC3C3",
            "Arn",
          ],
        },
      },
      "Type": "AWS::CloudFormation::CustomResource",
      "UpdateReplacePolicy": "Delete",
    },
    "BedrockAgentStackBedrockAgentCustomResourceFunction7C54E154": {
      "DependsOn": [
        "BedrockAgentStackBedrockAgentCustomResourceRoleDefaultPolicyEFD655A7",
        "BedrockAgentStackBedrockAgentCustomResourceRole688B37A5",
      ],
      "Properties": {
        "Architectures": [
          "x86_64",
        ],
        "Code": {
          "S3Bucket": {
            "Fn::Sub": "cdk-hnb659fds-assets-\${AWS::AccountId}-\${AWS::Region}",
          },
          "S3Key": "ba878896dd1328e5f6826200c7120c54603686b880d154b3b834922d6735e884.zip",
        },
        "Environment": {
          "Variables": {
            "ACTION_GROUPS": "[{"actionGroupName":"Undefined","actionGroupExecutor":"Undefined","s3BucketName":"Undefined","s3ObjectKey":"Undefined"}]",
            "AGENT_NAME": "MyAgentTestName",
            "AGENT_RESOURCE_ROLE_ARN": {
              "Fn::GetAtt": [
                "BedrockAgentStackAgentIamRoleF90DDD6B",
                "Arn",
              ],
            },
            "DESCRIPTION": "My custom description for an agent.",
            "FOUNDATION_MODEL": "anthropic.claude-instant-v1",
            "IDLE_SESSION_TTL_IN_SECONDS": "3600",
            "INSTRUCTION": "This is a template instruction for my agent. You were created by AWS TypeScript CDK.",
            "KNOWLEDGE_BASE_ASSOCIATIONS": "[{"knowledgeBaseName":"Undefined","instruction":"Undefined"}]",
          },
        },
        "Handler": "bedrock_agent_custom_resource.on_event",
        "Layers": [
          {
            "Ref": "BedrockAgentStackBedrockAgentLayerA4E93A56",
          },
        ],
        "Role": {
          "Fn::GetAtt": [
            "BedrockAgentStackBedrockAgentCustomResourceRole688B37A5",
            "Arn",
          ],
        },
        "Runtime": "python3.10",
        "Timeout": 600,
      },
      "Type": "AWS::Lambda::Function",
    },
    "BedrockAgentStackBedrockAgentCustomResourceProviderframeworkonEventFBAAC3C3": {
      "DependsOn": [
        "BedrockAgentStackBedrockAgentCustomResourceProviderframeworkonEventServiceRoleDefaultPolicy069F488F",
        "BedrockAgentStackBedrockAgentCustomResourceProviderframeworkonEventServiceRoleA42A439E",
      ],
      "Properties": {
        "Code": {
          "S3Bucket": {
            "Fn::Sub": "cdk-hnb659fds-assets-\${AWS::AccountId}-\${AWS::Region}",
          },
          "S3Key": "7382a0addb9f34974a1ea6c6c9b063882af874828f366f5c93b2b7b64db15c94.zip",
        },
        "Description": "AWS CDK resource provider framework - onEvent (BedrockAgentStack/BedrockAgentStack/BedrockAgentCustomResourceProvider)",
        "Environment": {
          "Variables": {
            "USER_ON_EVENT_FUNCTION_ARN": {
              "Fn::GetAtt": [
                "BedrockAgentStackBedrockAgentCustomResourceFunction7C54E154",
                "Arn",
              ],
            },
          },
        },
        "Handler": "framework.onEvent",
        "Role": {
          "Fn::GetAtt": [
            "BedrockAgentStackBedrockAgentCustomResourceProviderframeworkonEventServiceRoleA42A439E",
            "Arn",
          ],
        },
        "Runtime": "nodejs18.x",
        "Timeout": 900,
      },
      "Type": "AWS::Lambda::Function",
    },
    "BedrockAgentStackBedrockAgentCustomResourceProviderframeworkonEventLogRetentionAD594AD8": {
      "Properties": {
        "LogGroupName": {
          "Fn::Join": [
            "",
            [
              "/aws/lambda/",
              {
                "Ref": "BedrockAgentStackBedrockAgentCustomResourceProviderframeworkonEventFBAAC3C3",
              },
            ],
          ],
        },
        "RetentionInDays": 1,
        "ServiceToken": {
          "Fn::GetAtt": [
            "LogRetentionaae0aa3c5b4d4f87b02d85b201efdd8aFD4BFC8A",
            "Arn",
          ],
        },
      },
      "Type": "Custom::LogRetention",
    },
    "BedrockAgentStackBedrockAgentCustomResourceProviderframeworkonEventServiceRoleA42A439E": {
      "Properties": {
        "AssumeRolePolicyDocument": {
          "Statement": [
            {
              "Action": "sts:AssumeRole",
              "Effect": "Allow",
              "Principal": {
                "Service": "lambda.amazonaws.com",
              },
            },
          ],
          "Version": "2012-10-17",
        },
        "ManagedPolicyArns": [
          {
            "Fn::Join": [
              "",
              [
                "arn:",
                {
                  "Ref": "AWS::Partition",
                },
                ":iam::aws:policy/service-role/AWSLambdaBasicExecutionRole",
              ],
            ],
          },
        ],
      },
      "Type": "AWS::IAM::Role",
    },
    "BedrockAgentStackBedrockAgentCustomResourceProviderframeworkonEventServiceRoleDefaultPolicy069F488F": {
      "Properties": {
        "PolicyDocument": {
          "Statement": [
            {
              "Action": "lambda:InvokeFunction",
              "Effect": "Allow",
              "Resource": [
                {
                  "Fn::GetAtt": [
                    "BedrockAgentStackBedrockAgentCustomResourceFunction7C54E154",
                    "Arn",
                  ],
                },
                {
                  "Fn::Join": [
                    "",
                    [
                      {
                        "Fn::GetAtt": [
                          "BedrockAgentStackBedrockAgentCustomResourceFunction7C54E154",
                          "Arn",
                        ],
                      },
                      ":*",
                    ],
                  ],
                },
              ],
            },
          ],
          "Version": "2012-10-17",
        },
        "PolicyName": "BedrockAgentStackBedrockAgentCustomResourceProviderframeworkonEventServiceRoleDefaultPolicy069F488F",
        "Roles": [
          {
            "Ref": "BedrockAgentStackBedrockAgentCustomResourceProviderframeworkonEventServiceRoleA42A439E",
          },
        ],
      },
      "Type": "AWS::IAM::Policy",
    },
    "BedrockAgentStackBedrockAgentCustomResourceRole688B37A5": {
      "Properties": {
        "AssumeRolePolicyDocument": {
          "Statement": [
            {
              "Action": "sts:AssumeRole",
              "Effect": "Allow",
              "Principal": {
                "Service": "lambda.amazonaws.com",
              },
            },
          ],
          "Version": "2012-10-17",
        },
      },
      "Type": "AWS::IAM::Role",
    },
    "BedrockAgentStackBedrockAgentCustomResourceRoleDefaultPolicyEFD655A7": {
      "Properties": {
        "PolicyDocument": {
          "Statement": [
            {
              "Action": "iam:PassRole",
              "Effect": "Allow",
              "Resource": {
                "Fn::GetAtt": [
                  "BedrockAgentStackAgentIamRoleF90DDD6B",
                  "Arn",
                ],
              },
            },
            {
              "Action": "*",
              "Effect": "Allow",
              "Resource": "arn:aws:bedrock:*",
            },
          ],
          "Version": "2012-10-17",
        },
        "PolicyName": "BedrockAgentStackBedrockAgentCustomResourceRoleDefaultPolicyEFD655A7",
        "Roles": [
          {
            "Ref": "BedrockAgentStackBedrockAgentCustomResourceRole688B37A5",
          },
        ],
      },
      "Type": "AWS::IAM::Policy",
    },
    "BedrockAgentStackBedrockAgentLayerA4E93A56": {
      "Properties": {
        "CompatibleRuntimes": [
          "python3.10",
        ],
        "Content": {
          "S3Bucket": {
            "Fn::Sub": "cdk-hnb659fds-assets-\${AWS::AccountId}-\${AWS::Region}",
          },
          "S3Key": "5db1ecd01ac13dc1ac81781044759c7d8cc675984d5b6c4d2414e1c6b28aba07.zip",
        },
      },
      "Type": "AWS::Lambda::LayerVersion",
    },
    "BedrockOpenSearchKnowledgeBaseBedrockAgentCustomResourceFunctionC962F549": {
      "DependsOn": [
        "BedrockOpenSearchKnowledgeBaseBedrockKnowledgeBaseCustomResourceRoleDefaultPolicy90FEEAF3",
        "BedrockOpenSearchKnowledgeBaseBedrockKnowledgeBaseCustomResourceRoleB92EFA5D",
      ],
      "Properties": {
        "Architectures": [
          "x86_64",
        ],
        "Code": {
          "S3Bucket": {
            "Fn::Sub": "cdk-hnb659fds-assets-\${AWS::AccountId}-\${AWS::Region}",
          },
          "S3Key": "ba878896dd1328e5f6826200c7120c54603686b880d154b3b834922d6735e884.zip",
        },
        "Environment": {
          "Variables": {
            "DATA_SOURCE": "{"name":"MyDataSource","dataSourceConfiguration":{"s3Configuration":{"bucketArn":"yourDataSourceBucketArn","inclusionPrefixes":["yourDataSourceBucketPrefix"]},"type":"S3"}}",
            "DESCRIPTION": "Undefined",
            "KNOWLEDGEBASE_CONFIGURATION": {
              "Fn::Join": [
                "",
                [
                  "{"type":"VECTOR","vectorKnowledgeBaseConfiguration":{"embeddingModelArn":"arn:aws:bedrock:",
                  {
                    "Ref": "AWS::Region",
                  },
                  "::foundation-model/amazon.titan-embed-text-v1"}}",
                ],
              ],
            },
            "KNOWLEDGEBASE_NAME": "MyTestKnowledgeBase",
            "REMOVAL_POLICY": "destroy",
            "ROLE_ARN": "yourKnowledgeBaseRoleArn",
            "STORAGE_CONFIGURATION": "{"opensearchServerlessConfiguration":{"collectionArn":"yourOpensearchServerlessCollectionArn","fieldMapping":{"metadataField":"metadata-field","textField":"text-field","vectorField":"my-test-vector"},"vectorIndexName":"my-test-index"},"type":"OPENSEARCH_SERVERLESS"}",
          },
        },
        "Handler": "bedrock_knowledgebase_custom_resource.on_event",
        "Layers": [
          {
            "Ref": "BedrockOpenSearchKnowledgeBaseBedrockAgentLayerBF9ED476",
          },
        ],
        "Role": {
          "Fn::GetAtt": [
            "BedrockOpenSearchKnowledgeBaseBedrockKnowledgeBaseCustomResourceRoleB92EFA5D",
            "Arn",
          ],
        },
        "Runtime": "python3.10",
        "Timeout": 600,
      },
      "Type": "AWS::Lambda::Function",
    },
    "BedrockOpenSearchKnowledgeBaseBedrockAgentLayerBF9ED476": {
      "Properties": {
        "CompatibleRuntimes": [
          "python3.10",
        ],
        "Content": {
          "S3Bucket": {
            "Fn::Sub": "cdk-hnb659fds-assets-\${AWS::AccountId}-\${AWS::Region}",
          },
          "S3Key": "5db1ecd01ac13dc1ac81781044759c7d8cc675984d5b6c4d2414e1c6b28aba07.zip",
        },
      },
      "Type": "AWS::Lambda::LayerVersion",
    },
    "BedrockOpenSearchKnowledgeBaseBedrockKnowledgeBaseCustomResourceF40A0DF4": {
      "DeletionPolicy": "Delete",
      "Properties": {
        "ServiceToken": {
          "Fn::GetAtt": [
            "BedrockOpenSearchKnowledgeBaseBedrockKnowledgeBaseCustomResourceProviderframeworkonEvent92B355C1",
            "Arn",
          ],
        },
      },
      "Type": "AWS::CloudFormation::CustomResource",
      "UpdateReplacePolicy": "Delete",
    },
    "BedrockOpenSearchKnowledgeBaseBedrockKnowledgeBaseCustomResourceProviderframeworkonEvent92B355C1": {
      "DependsOn": [
        "BedrockOpenSearchKnowledgeBaseBedrockKnowledgeBaseCustomResourceProviderframeworkonEventServiceRoleDefaultPolicyACE14FFA",
        "BedrockOpenSearchKnowledgeBaseBedrockKnowledgeBaseCustomResourceProviderframeworkonEventServiceRoleBA03F925",
      ],
      "Properties": {
        "Code": {
          "S3Bucket": {
            "Fn::Sub": "cdk-hnb659fds-assets-\${AWS::AccountId}-\${AWS::Region}",
          },
          "S3Key": "7382a0addb9f34974a1ea6c6c9b063882af874828f366f5c93b2b7b64db15c94.zip",
        },
        "Description": "AWS CDK resource provider framework - onEvent (BedrockAgentStack/BedrockOpenSearchKnowledgeBase/BedrockKnowledgeBaseCustomResourceProvider)",
        "Environment": {
          "Variables": {
            "USER_ON_EVENT_FUNCTION_ARN": {
              "Fn::GetAtt": [
                "BedrockOpenSearchKnowledgeBaseBedrockAgentCustomResourceFunctionC962F549",
                "Arn",
              ],
            },
          },
        },
        "Handler": "framework.onEvent",
        "Role": {
          "Fn::GetAtt": [
            "BedrockOpenSearchKnowledgeBaseBedrockKnowledgeBaseCustomResourceProviderframeworkonEventServiceRoleBA03F925",
            "Arn",
          ],
        },
        "Runtime": "nodejs18.x",
        "Timeout": 900,
      },
      "Type": "AWS::Lambda::Function",
    },
    "BedrockOpenSearchKnowledgeBaseBedrockKnowledgeBaseCustomResourceProviderframeworkonEventLogRetentionBF1B0FC5": {
      "Properties": {
        "LogGroupName": {
          "Fn::Join": [
            "",
            [
              "/aws/lambda/",
              {
                "Ref": "BedrockOpenSearchKnowledgeBaseBedrockKnowledgeBaseCustomResourceProviderframeworkonEvent92B355C1",
              },
            ],
          ],
        },
        "RetentionInDays": 1,
        "ServiceToken": {
          "Fn::GetAtt": [
            "LogRetentionaae0aa3c5b4d4f87b02d85b201efdd8aFD4BFC8A",
            "Arn",
          ],
        },
      },
      "Type": "Custom::LogRetention",
    },
    "BedrockOpenSearchKnowledgeBaseBedrockKnowledgeBaseCustomResourceProviderframeworkonEventServiceRoleBA03F925": {
      "Properties": {
        "AssumeRolePolicyDocument": {
          "Statement": [
            {
              "Action": "sts:AssumeRole",
              "Effect": "Allow",
              "Principal": {
                "Service": "lambda.amazonaws.com",
              },
            },
          ],
          "Version": "2012-10-17",
        },
        "ManagedPolicyArns": [
          {
            "Fn::Join": [
              "",
              [
                "arn:",
                {
                  "Ref": "AWS::Partition",
                },
                ":iam::aws:policy/service-role/AWSLambdaBasicExecutionRole",
              ],
            ],
          },
        ],
      },
      "Type": "AWS::IAM::Role",
    },
    "BedrockOpenSearchKnowledgeBaseBedrockKnowledgeBaseCustomResourceProviderframeworkonEventServiceRoleDefaultPolicyACE14FFA": {
      "Properties": {
        "PolicyDocument": {
          "Statement": [
            {
              "Action": "lambda:InvokeFunction",
              "Effect": "Allow",
              "Resource": [
                {
                  "Fn::GetAtt": [
                    "BedrockOpenSearchKnowledgeBaseBedrockAgentCustomResourceFunctionC962F549",
                    "Arn",
                  ],
                },
                {
                  "Fn::Join": [
                    "",
                    [
                      {
                        "Fn::GetAtt": [
                          "BedrockOpenSearchKnowledgeBaseBedrockAgentCustomResourceFunctionC962F549",
                          "Arn",
                        ],
                      },
                      ":*",
                    ],
                  ],
                },
              ],
            },
          ],
          "Version": "2012-10-17",
        },
        "PolicyName": "BedrockOpenSearchKnowledgeBaseBedrockKnowledgeBaseCustomResourceProviderframeworkonEventServiceRoleDefaultPolicyACE14FFA",
        "Roles": [
          {
            "Ref": "BedrockOpenSearchKnowledgeBaseBedrockKnowledgeBaseCustomResourceProviderframeworkonEventServiceRoleBA03F925",
          },
        ],
      },
      "Type": "AWS::IAM::Policy",
    },
    "BedrockOpenSearchKnowledgeBaseBedrockKnowledgeBaseCustomResourceRoleB92EFA5D": {
      "Properties": {
        "AssumeRolePolicyDocument": {
          "Statement": [
            {
              "Action": "sts:AssumeRole",
              "Effect": "Allow",
              "Principal": {
                "Service": "lambda.amazonaws.com",
              },
            },
          ],
          "Version": "2012-10-17",
        },
      },
      "Type": "AWS::IAM::Role",
    },
    "BedrockOpenSearchKnowledgeBaseBedrockKnowledgeBaseCustomResourceRoleDefaultPolicy90FEEAF3": {
      "Properties": {
        "PolicyDocument": {
          "Statement": [
            {
              "Action": "iam:PassRole",
              "Effect": "Allow",
              "Resource": "yourKnowledgeBaseRoleArn",
            },
            {
              "Action": "*",
              "Effect": "Allow",
              "Resource": "arn:aws:bedrock:*",
            },
          ],
          "Version": "2012-10-17",
        },
        "PolicyName": "BedrockOpenSearchKnowledgeBaseBedrockKnowledgeBaseCustomResourceRoleDefaultPolicy90FEEAF3",
        "Roles": [
          {
            "Ref": "BedrockOpenSearchKnowledgeBaseBedrockKnowledgeBaseCustomResourceRoleB92EFA5D",
          },
        ],
      },
      "Type": "AWS::IAM::Policy",
    },
    "LogRetentionaae0aa3c5b4d4f87b02d85b201efdd8aFD4BFC8A": {
      "DependsOn": [
        "LogRetentionaae0aa3c5b4d4f87b02d85b201efdd8aServiceRoleDefaultPolicyADDA7DEB",
        "LogRetentionaae0aa3c5b4d4f87b02d85b201efdd8aServiceRole9741ECFB",
      ],
      "Properties": {
        "Code": {
          "S3Bucket": {
            "Fn::Sub": "cdk-hnb659fds-assets-\${AWS::AccountId}-\${AWS::Region}",
          },
          "S3Key": "5bc602ecde93c947efe5899ae355f999986a1acbe610b1c0b9c468d738857555.zip",
        },
        "Handler": "index.handler",
        "Role": {
          "Fn::GetAtt": [
            "LogRetentionaae0aa3c5b4d4f87b02d85b201efdd8aServiceRole9741ECFB",
            "Arn",
          ],
        },
        "Runtime": "nodejs18.x",
        "Timeout": 900,
      },
      "Type": "AWS::Lambda::Function",
    },
    "LogRetentionaae0aa3c5b4d4f87b02d85b201efdd8aServiceRole9741ECFB": {
      "Properties": {
        "AssumeRolePolicyDocument": {
          "Statement": [
            {
              "Action": "sts:AssumeRole",
              "Effect": "Allow",
              "Principal": {
                "Service": "lambda.amazonaws.com",
              },
            },
          ],
          "Version": "2012-10-17",
        },
        "ManagedPolicyArns": [
          {
            "Fn::Join": [
              "",
              [
                "arn:",
                {
                  "Ref": "AWS::Partition",
                },
                ":iam::aws:policy/service-role/AWSLambdaBasicExecutionRole",
              ],
            ],
          },
        ],
      },
      "Type": "AWS::IAM::Role",
    },
    "LogRetentionaae0aa3c5b4d4f87b02d85b201efdd8aServiceRoleDefaultPolicyADDA7DEB": {
      "Properties": {
        "PolicyDocument": {
          "Statement": [
            {
              "Action": [
                "logs:PutRetentionPolicy",
                "logs:DeleteRetentionPolicy",
              ],
              "Effect": "Allow",
              "Resource": "*",
            },
          ],
          "Version": "2012-10-17",
        },
        "PolicyName": "LogRetentionaae0aa3c5b4d4f87b02d85b201efdd8aServiceRoleDefaultPolicyADDA7DEB",
        "Roles": [
          {
            "Ref": "LogRetentionaae0aa3c5b4d4f87b02d85b201efdd8aServiceRole9741ECFB",
          },
        ],
      },
      "Type": "AWS::IAM::Policy",
    },
  },
  "Rules": {
    "CheckBootstrapVersion": {
      "Assertions": [
        {
          "Assert": {
            "Fn::Not": [
              {
                "Fn::Contains": [
                  [
                    "1",
                    "2",
                    "3",
                    "4",
                    "5",
                  ],
                  {
                    "Ref": "BootstrapVersion",
                  },
                ],
              },
            ],
          },
          "AssertDescription": "CDK bootstrap stack version 6 required. Please run 'cdk bootstrap' with a recent version of the CDK CLI.",
        },
      ],
    },
  },
}
`;
